file:///B:/DBMS/Project/aetherion/node_modules/vite/dist/node/cli.js:445
          throw new CACError(`Unknown option \`${name.length > 1 ? `--${name}` : `-${name}`}\``);
                ^

CACError: Unknown option `--overlay`
    at Command.checkUnknownOptions (file:///B:/DBMS/Project/aetherion/node_modules/vite/dist/node/cli.js:445:17)
    at CAC.runMatchedCommand (file:///B:/DBMS/Project/aetherion/node_modules/vite/dist/node/cli.js:643:13)
    at CAC.parse (file:///B:/DBMS/Project/aetherion/node_modules/vite/dist/node/cli.js:582:12)
    at file:///B:/DBMS/Project/aetherion/node_modules/vite/dist/node/cli.js:915:5
    at ModuleJob.run (node:internal/modules/esm/module_job:437:25)
    at async node:internal/modules/esm/loader:639:26

Node.js v24.15.0
